<html>
<body>
<pre>
<h1>礦ision Build Log</h1>
<h2>Tool Versions:</h2>
IDE-Version: μVision V5.24.2.86
Copyright (C) 2017 ARM Ltd and ARM Germany GmbH. All rights reserved.
License Information: gyx Voyager, gyx, LIC=D0D7S-L8WCK-RA3DM-X0ZIN-YJSCZ-TI6W1
 
Tool Versions:
Toolchain:       MDK-ARM Plus  Version: 5.26.2.0
Toolchain Path:  D:\KEIL5\ARM\ARMCC\Bin
C Compiler:      Armcc.exe V5.06 update 6 (build 750)
Assembler:       Armasm.exe V5.06 update 6 (build 750)
Linker/Locator:  ArmLink.exe V5.06 update 6 (build 750)
Library Manager: ArmAr.exe V5.06 update 6 (build 750)
Hex Converter:   FromElf.exe V5.06 update 6 (build 750)
CPU DLL:         SARMCM3.DLL V5.26.2.0
Dialog DLL:      DARMSTM.DLL V1.68.0.0
Target DLL:      STLink\ST-LINKIII-KEIL_SWO.dll V3.0.5.0
Dialog DLL:      TARMSTM.DLL V1.66.0.0
 
<h2>Project:</h2>
D:\毕业设计\智慧农业源码\智慧农业源码\stm32源码\USER\LED.uvprojx
Project File Date:  03/18/2024

<h2>Output:</h2>
*** Using Compiler 'V5.06 update 6 (build 750)', folder: 'D:\KEIL5\ARM\ARMCC\Bin'
Rebuild target 'LED'
compiling bh1750.c...
compiling beep.c...
compiling stm32f10x_it.c...
compiling system_stm32f10x.c...
compiling dht11.c...
compiling led.c...
compiling main.c...
compiling adc.c...
compiling delay.c...
compiling relay.c...
compiling fs.c...
compiling mq2.c...
..\HARDWARE\MQ2\mq2.c(36): warning:  #1-D: last line of file ends without a newline
  }
..\HARDWARE\MQ2\mq2.c: 1 warning, 0 errors
compiling pump.c...
compiling sys.c...
assembling startup_stm32f10x_hd.s...
compiling core_cm3.c...
compiling timer.c...
compiling usart.c...
compiling misc.c...
compiling stm32f10x_gpio.c...
compiling stm32f10x_dbgmcu.c...
compiling stm32f10x_rcc.c...
compiling stm32f10x_usart.c...
compiling MqttKit.c...
compiling cJSON.c...
..\NET\cJSON\cJSON.c(55): warning:  #1293-D: assignment in condition
        if (!(copy = (char*)cJSON_malloc(len))) return 0;
..\NET\cJSON\cJSON.c(278): warning:  #1293-D: assignment in condition
  	ptr=str;while ((token=*ptr) && ++len) {if (strchr("\"\\\b\f\n\r\t",token)) len++; else if (token<32) len+=5;ptr++;}
..\NET\cJSON\cJSON.c(352): warning:  #111-D: statement is unreachable
  	return p.buffer;
..\NET\cJSON\cJSON.c(423): warning:  #1293-D: assignment in condition
  		if (!(new_item=cJSON_New_Item())) return 0; 	/* memory fail */
..\NET\cJSON\cJSON.c(535): warning:  #1293-D: assignment in condition
  		if (!(new_item=cJSON_New_Item()))	return 0; /* memory fail */
..\NET\cJSON\cJSON.c: 5 warnings, 0 errors
compiling stm32f10x_adc.c...
compiling esp8266.c...
compiling stm32f10x_tim.c...
compiling onenet.c...
linking...
Program Size: Code=29798 RO-data=1106 RW-data=120 ZI-data=2080  
FromELF: creating hex file...
"..\OBJ\LED.axf" - 0 Error(s), 6 Warning(s).

<h2>Software Packages used:</h2>

Package Vendor: Keil
                http://www.keil.com/pack/Keil.STM32F1xx_DFP.2.1.0.pack
                Keil.STM32F1xx_DFP.2.1.0
                STMicroelectronics STM32F1 Series Device Support, Drivers and Examples

<h2>Collection of Component include folders:</h2>
  .\RTE\_LED
  D:\KEIL5\ARM\PACK\Keil\STM32F1xx_DFP\2.1.0\Device\Include

<h2>Collection of Component Files used:</h2>
Build Time Elapsed:  00:00:04
</pre>
</body>
</html>
